[INFO] Scanning for projects...
[INFO] 
[INFO] -----------------------< com.preclinic:backend >------------------------
[INFO] Building backend 0.0.1-SNAPSHOT
[INFO]   from pom.xml
[INFO] --------------------------------[ jar ]---------------------------------
[INFO] 
[INFO] >>> spring-boot:4.1.1:run (default-cli) > test-compile @ backend >>>
[INFO] 
[INFO] --- resources:3.5.0:resources (default-resources) @ backend ---
[INFO] Copying 2 resources from src\main\resources to target\classes
[INFO] Copying 17 resources from src\main\resources to target\classes
[INFO] 
[INFO] --- compiler:3.15.0:compile (default-compile) @ backend ---
[INFO] Nothing to compile - all classes are up to date.
[INFO] 
[INFO] --- resources:3.5.0:testResources (default-testResources) @ backend ---
[INFO] Copying 1 resource from src\test\resources to target\test-classes
[INFO] 
[INFO] --- compiler:3.15.0:testCompile (default-testCompile) @ backend ---
[INFO] Nothing to compile - all classes are up to date.
[INFO] 
[INFO] <<< spring-boot:4.1.1:run (default-cli) < test-compile @ backend <<<
[INFO] 
[INFO] 
[INFO] --- spring-boot:4.1.1:run (default-cli) @ backend ---
[INFO] Attaching agents: []

  .   ____          _            __ _ _
 /\\ / ___'_ __ _ _(_)_ __  __ _ \ \ \ \
( ( )\___ | '_ | '_| | '_ \/ _` | \ \ \ \
 \\/  ___)| |_)| | | | | || (_| |  ) ) ) )
  '  |____| .__|_| |_|_| |_\__, | / / / /
 =========|_|==============|___/=/_/_/_/

 :: Spring Boot ::                (v4.1.1)

2026-10-08T09:38:10.529+05:00  INFO 3224 --- [backend] [  restartedMain] c.preclinic.backend.BackendApplication   : Starting BackendApplication using Java 21.0.12.1 with PID 3224 (D:\My Projects\Clinstra\app\backend\target\classes started by Huzaifa in D:\My Projects\Clinstra\app\backend)
2026-10-08T09:38:10.533+05:00  INFO 3224 --- [backend] [  restartedMain] c.preclinic.backend.BackendApplication   : No active profile set, falling back to 1 default profile: "default"
2026-10-08T09:38:10.592+05:00  INFO 3224 --- [backend] [  restartedMain] .e.DevToolsPropertyDefaultsPostProcessor : Devtools property defaults active! Set 'spring.devtools.add-properties' to 'false' to disable
2026-10-08T09:38:10.592+05:00  INFO 3224 --- [backend] [  restartedMain] .e.DevToolsPropertyDefaultsPostProcessor : For additional web related logging consider setting the 'logging.level.web' property to 'DEBUG'
2026-10-08T09:38:11.887+05:00  INFO 3224 --- [backend] [  restartedMain] .s.d.r.c.RepositoryConfigurationDelegate : Bootstrapping Spring Data JPA repositories in DEFAULT mode.
2026-10-08T09:38:11.984+05:00  INFO 3224 --- [backend] [  restartedMain] .s.d.r.c.RepositoryConfigurationDelegate : Finished Spring Data repository scanning in 82 ms. Found 4 JPA repository interfaces.
2026-10-08T09:38:12.883+05:00  INFO 3224 --- [backend] [  restartedMain] o.s.boot.tomcat.TomcatWebServer          : Tomcat initialized with port 8080 (http)
2026-10-08T09:38:12.913+05:00  INFO 3224 --- [backend] [  restartedMain] o.apache.catalina.core.StandardService   : Starting service [Tomcat]
2026-10-08T09:38:12.914+05:00  INFO 3224 --- [backend] [  restartedMain] o.apache.catalina.core.StandardEngine    : Starting Servlet engine: [Apache Tomcat/11.0.24]
2026-10-08T09:38:12.972+05:00  INFO 3224 --- [backend] [  restartedMain] b.w.c.s.WebApplicationContextInitializer : Root WebApplicationContext: initialization completed in 2378 ms
2026-10-08T09:38:13.381+05:00  INFO 3224 --- [backend] [  restartedMain] com.zaxxer.hikari.HikariDataSource       : HikariPool-1 - Starting...
2026-10-08T09:38:13.546+05:00  INFO 3224 --- [backend] [  restartedMain] com.zaxxer.hikari.pool.HikariPool        : HikariPool-1 - Added connection org.postgresql.jdbc.PgConnection@6ea8685e
2026-10-08T09:38:13.547+05:00  INFO 3224 --- [backend] [  restartedMain] com.zaxxer.hikari.HikariDataSource       : HikariPool-1 - Start completed.
2026-10-08T09:38:13.585+05:00  INFO 3224 --- [backend] [  restartedMain] org.flywaydb.core.FlywayExecutor         : Database: jdbc:postgresql://localhost:5432/clinstra (PostgreSQL 17.6)
2026-10-08T09:38:13.701+05:00  INFO 3224 --- [backend] [  restartedMain] o.f.core.internal.command.DbValidate     : Successfully validated 17 migrations (execution time 00:00.047s)
2026-10-08T09:38:13.796+05:00  INFO 3224 --- [backend] [  restartedMain] o.f.core.internal.command.DbMigrate      : Current version of schema "public": 17
2026-10-08T09:38:13.803+05:00  INFO 3224 --- [backend] [  restartedMain] o.f.core.internal.command.DbMigrate      : Schema "public" is up to date. No migration necessary.
2026-10-08T09:38:13.930+05:00  INFO 3224 --- [backend] [  restartedMain] org.hibernate.orm.jpa                    : HHH008540: Processing PersistenceUnitInfo [name: default]
2026-10-08T09:38:14.013+05:00  INFO 3224 --- [backend] [  restartedMain] org.hibernate.orm.core                   : HHH000001: Hibernate ORM core version 7.4.5.Final
2026-10-08T09:38:14.585+05:00  INFO 3224 --- [backend] [  restartedMain] o.s.o.j.p.SpringPersistenceUnitInfo      : No LoadTimeWeaver setup: ignoring JPA class transformer
2026-10-08T09:38:14.717+05:00  INFO 3224 --- [backend] [  restartedMain] org.hibernate.orm.connections.pooling    : HHH10001005: Database info:
	Database JDBC URL [jdbc:postgresql://localhost:5432/clinstra]
	Database driver: PostgreSQL JDBC Driver
	Database dialect: PostgreSQLDialect
	Database version: 17.6
	Default catalog/schema: clinstra/public
	Autocommit mode: undefined/unknown
	Isolation level: READ_COMMITTED [default READ_COMMITTED]
	JDBC fetch size: none
	Pool: DataSourceConnectionProvider
	Minimum pool size: undefined/unknown
	Maximum pool size: undefined/unknown
2026-10-08T09:38:15.810+05:00  INFO 3224 --- [backend] [  restartedMain] org.hibernate.orm.core                   : HHH000489: No JTA platform available (set 'hibernate.transaction.jta.platform' to enable JTA platform integration)
2026-10-08T09:38:15.889+05:00  INFO 3224 --- [backend] [  restartedMain] j.LocalContainerEntityManagerFactoryBean : Initialized JPA EntityManagerFactory for persistence unit 'default'
2026-10-08T09:38:16.090+05:00  INFO 3224 --- [backend] [  restartedMain] o.s.d.j.r.query.QueryEnhancerFactories   : Hibernate is in classpath; If applicable, HQL parser will be used.
2026-10-08T09:38:18.045+05:00  INFO 3224 --- [backend] [  restartedMain] o.s.b.a.e.web.EndpointLinksResolver      : Exposing 1 endpoint beneath base path '/actuator'
2026-10-08T09:38:18.138+05:00  INFO 3224 --- [backend] [  restartedMain] o.s.boot.tomcat.TomcatWebServer          : Tomcat started on port 8080 (http) with context path '/'
2026-10-08T09:38:18.153+05:00  INFO 3224 --- [backend] [  restartedMain] c.preclinic.backend.BackendApplication   : Started BackendApplication in 8.119 seconds (process running for 8.693)
2026-10-08T09:39:05.251+05:00  INFO 3224 --- [backend] [nio-8080-exec-1] o.a.c.c.C.[Tomcat].[localhost].[/]       : Initializing Spring DispatcherServlet 'dispatcherServlet'
2026-10-08T09:39:05.252+05:00  INFO 3224 --- [backend] [nio-8080-exec-1] o.s.web.servlet.DispatcherServlet        : Initializing Servlet 'dispatcherServlet'
2026-10-08T09:39:05.254+05:00  INFO 3224 --- [backend] [nio-8080-exec-1] o.s.web.servlet.DispatcherServlet        : Completed initialization in 2 ms
2026-10-08T09:39:09.226+05:00  WARN 3224 --- [backend] [nio-8080-exec-3] .m.m.a.ExceptionHandlerExceptionResolver : Resolved [com.preclinic.backend.common.ApiException: Incorrect email or password.]
2026-10-08T09:39:16.711+05:00  WARN 3224 --- [backend] [nio-8080-exec-9] .m.m.a.ExceptionHandlerExceptionResolver : Resolved [com.preclinic.backend.common.ApiException: The current password is incorrect.]
2026-10-08T09:39:41.865+05:00  WARN 3224 --- [backend] [nio-8080-exec-1] .m.m.a.ExceptionHandlerExceptionResolver : Resolved [org.springframework.security.authorization.AuthorizationDeniedException: Access Denied]
2026-10-08T09:40:10.474+05:00  WARN 3224 --- [backend] [io-8080-exec-10] .m.m.a.ExceptionHandlerExceptionResolver : Resolved [com.preclinic.backend.common.ApiException: No such patient.]
2026-10-08T09:40:45.064+05:00  WARN 3224 --- [backend] [nio-8080-exec-4] .m.m.a.ExceptionHandlerExceptionResolver : Resolved [com.preclinic.backend.common.ApiException: This appointment is already cancelled and can no longer be changed.]
2026-10-08T09:42:22.530+05:00  WARN 3224 --- [backend] [nio-8080-exec-2] .m.m.a.ExceptionHandlerExceptionResolver : Resolved [com.preclinic.backend.common.ApiException: The doctor already has an appointment at that date and time.]
2026-10-08T09:43:09.570+05:00  WARN 3224 --- [backend] [nio-8080-exec-5] .m.m.a.ExceptionHandlerExceptionResolver : Resolved [com.preclinic.backend.common.ApiException: An appointment cannot be booked in the past.]
2026-10-08T09:44:19.017+05:00  WARN 3224 --- [backend] [nio-8080-exec-8] .m.m.a.ExceptionHandlerExceptionResolver : Resolved [com.preclinic.backend.common.ApiException: The payment (5000.00) is more than the outstanding balance (100.00).]
2026-10-08T09:44:26.189+05:00  WARN 3224 --- [backend] [nio-8080-exec-5] .m.m.a.ExceptionHandlerExceptionResolver : Resolved [org.springframework.security.authorization.AuthorizationDeniedException: Access Denied]
2026-10-08T09:44:41.427+05:00  WARN 3224 --- [backend] [nio-8080-exec-9] .m.m.a.ExceptionHandlerExceptionResolver : Resolved [com.preclinic.backend.common.ApiException: This invoice has been voided; no payments can be taken.]
2026-10-08T09:44:59.219+05:00  WARN 3224 --- [backend] [nio-8080-exec-1] .m.m.a.ExceptionHandlerExceptionResolver : Resolved [com.preclinic.backend.common.ApiException: This patient is already in today's queue.]
2026-10-08T09:45:04.278+05:00  WARN 3224 --- [backend] [nio-8080-exec-2] .m.m.a.ExceptionHandlerExceptionResolver : Resolved [com.preclinic.backend.common.ApiException: The doctor is already consulting another patient.]
2026-10-08T09:45:07.449+05:00  WARN 3224 --- [backend] [nio-8080-exec-9] .m.m.a.ExceptionHandlerExceptionResolver : Resolved [org.springframework.security.authorization.AuthorizationDeniedException: Access Denied]
2026-10-08T09:45:33.019+05:00  WARN 3224 --- [backend] [nio-8080-exec-4] .m.m.a.ExceptionHandlerExceptionResolver : Resolved [com.preclinic.backend.common.ApiException: A medicine with the same brand, dosage form and ingredient already exists.]
2026-10-08T09:46:13.643+05:00  WARN 3224 --- [backend] [nio-8080-exec-5] .m.m.a.ExceptionHandlerExceptionResolver : Resolved [org.springframework.security.authorization.AuthorizationDeniedException: Access Denied]
2026-10-08T09:47:04.945+05:00  WARN 3224 --- [backend] [io-8080-exec-10] .m.m.a.ExceptionHandlerExceptionResolver : Resolved [org.springframework.security.authorization.AuthorizationDeniedException: Access Denied]
2026-10-08T09:47:44.539+05:00  WARN 3224 --- [backend] [io-8080-exec-10] .m.m.a.ExceptionHandlerExceptionResolver : Resolved [org.springframework.security.authorization.AuthorizationDeniedException: Access Denied]
2026-10-08T09:47:44.551+05:00  WARN 3224 --- [backend] [nio-8080-exec-8] .m.m.a.ExceptionHandlerExceptionResolver : Resolved [com.preclinic.backend.common.ApiException: This file type is not allowed.]
2026-10-08T09:48:07.139+05:00  WARN 3224 --- [backend] [nio-8080-exec-6] .m.m.a.ExceptionHandlerExceptionResolver : Resolved [org.springframework.security.authorization.AuthorizationDeniedException: Access Denied]
